[meenakshi-realestate.netlify.app/index.html]
[backblue.gif]
[fade.gif]
[index.html]
[cdn.jsdelivr.net/npm/bootstrap@5.3.3/dist/css/bootstrap.min.css]
[meenakshi-realestate.netlify.app/styles.1.delayed]
[cdn.jsdelivr.net/npm/bootstrap-icons@1.11.3/font/bootstrap-icons.min.css]
[cdnjs.cloudflare.com/ajax/libs/OwlCarousel2/2.3.4/assets/owl.carousel.min.css]
[cdnjs.cloudflare.com/ajax/libs/OwlCarousel2/2.3.4/assets/owl.theme.default.min.css]
[cdnjs.cloudflare.com/ajax/libs/font-awesome/6.5.0/css/all.min.css]
[unpkg.com/aos@2.3.1/dist/aos.css]
[meenakshi-realestate.netlify.app/style.css]
[meenakshi-realestate.netlify.app/img/logo.png]
[meenakshi-realestate.netlify.app/service.html]
[meenakshi-realestate.netlify.app/businessprocessverification.html]
[meenakshi-realestate.netlify.app/contact.html]
[meenakshi-realestate.netlify.app/img/slider-1.jpg]
[meenakshi-realestate.netlify.app/img/about-1.jpg]
[meenakshi-realestate.netlify.app/img/about-2.jpg]
[meenakshi-realestate.netlify.app/img/house-1.jpg]
[meenakshi-realestate.netlify.app/img/house-2.jpg]
[meenakshi-realestate.netlify.app/img/house-3.jpg]
[meenakshi-realestate.netlify.app/img/house-4.jpg]
[meenakshi-realestate.netlify.app/img/house-5.jpg]
[meenakshi-realestate.netlify.app/img/house-6.jpg]
[meenakshi-realestate.netlify.app/img/location-1.jpg]
[meenakshi-realestate.netlify.app/img/location-2.jpg]
[meenakshi-realestate.netlify.app/img/location-3.jpg]
[meenakshi-realestate.netlify.app/img/location-4.jpg]
[meenakshi-realestate.netlify.app/img/location-5.jpg]
[meenakshi-realestate.netlify.app/img/location-6.jpg]
[meenakshi-realestate.netlify.app/img/home-1.png]
[meenakshi-realestate.netlify.app/img/home-2.png]
[meenakshi-realestate.netlify.app/img/home-3.png]
[meenakshi-realestate.netlify.app/img/img-w-text1.jpg]
[meenakshi-realestate.netlify.app/img/house-7.jpg]
[meenakshi-realestate.netlify.app/img/house-8.jpg]
[meenakshi-realestate.netlify.app/img/house-9.jpg]
[meenakshi-realestate.netlify.app/img/house-10.jpg]
[meenakshi-realestate.netlify.app/img/house-11.jpg]
[meenakshi-realestate.netlify.app/img/house-12.jpg]
[randomuser.me/api/portraits/men/45.jpg]
[randomuser.me/api/portraits/women/21.jpg]
[randomuser.me/api/portraits/men/33.jpg]
[randomuser.me/api/portraits/women/34.jpg]
[randomuser.me/api/portraits/men/12.jpg]
[code.jquery.com/jquery-3.6.0.min.js]
[cdn.jsdelivr.net/npm/bootstrap@5.3.0/dist/js/bootstrap.bundle.min.js]
[cdnjs.cloudflare.com/ajax/libs/OwlCarousel2/2.3.4/owl.carousel.min.js]
[meenakshi-realestate.netlify.app/script.js]
[meenakshi-realestate.netlify.app/index.html]
[cdn.jsdelivr.net/npm/bootstrap@5.3.3/dist/css/bootstrap.min.css]
[meenakshi-realestate.netlify.app/styles.html]
[unpkg.com/aos@2.3.1/dist/aos.js]
[cdn.jsdelivr.net/npm/bootstrap-icons@1.11.3/font/fonts/bootstrap-icons0107.woff2]
[cdn.jsdelivr.net/npm/bootstrap-icons@1.11.3/font/fonts/bootstrap-icons0107.woff]
[cdn.jsdelivr.net/npm/bootstrap-icons@1.11.3/font/bootstrap-icons.min.css]
[cdnjs.cloudflare.com/ajax/libs/OwlCarousel2/2.3.4/assets/owl.video.play.png]
[cdnjs.cloudflare.com/ajax/libs/OwlCarousel2/2.3.4/assets/owl.carousel.min.css]
[cdnjs.cloudflare.com/ajax/libs/OwlCarousel2/2.3.4/assets/owl.theme.default.min.css]
[cdnjs.cloudflare.com/ajax/libs/font-awesome/6.5.0/css/all.min.css]
[unpkg.com/aos@2.3.1/dist/aos.css]
[meenakshi-realestate.netlify.app/img/page-title-4.jpg]
[meenakshi-realestate.netlify.app/style.css]
[meenakshi-realestate.netlify.app/img/bpv-1.jpg]
[meenakshi-realestate.netlify.app/img/bpv-2.jpg]
[meenakshi-realestate.netlify.app/img/bpv-3.jpg]
[meenakshi-realestate.netlify.app/img/bpv-4.jpg]
[meenakshi-realestate.netlify.app/img/bpv-1-1.jpg]
[meenakshi-realestate.netlify.app/img/bpv-1-2.jpg]
[meenakshi-realestate.netlify.app/service.html]
[meenakshi-realestate.netlify.app/img/ser-1.jpg]
[meenakshi-realestate.netlify.app/img/ser-1-1.jpg]
[meenakshi-realestate.netlify.app/img/ser-1-2.jpg]
[meenakshi-realestate.netlify.app/img/ser-1-3.jpg]
[meenakshi-realestate.netlify.app/img/ser-1-5.jpg]
[meenakshi-realestate.netlify.app/businessprocessverification.html]
[meenakshi-realestate.netlify.app/contact.html]
